[07/08/2026 10:00:01] ==================================================
[07/08/2026 10:00:01] MONITOR DE DIÁRIOS OFICIAIS
[07/08/2026 10:00:01] ==================================================
[07/08/2026 10:00:01] Início: 07/08/2026 10:00:01
[07/08/2026 10:00:19] Iniciando monitoramento...
[07/08/2026 10:00:19] Acessando: https://portal-adm.campinas.sp.gov.br/api/v2/publicacoes-dom
[07/08/2026 10:00:19] Status: 200
[07/08/2026 10:00:19] URL final: https://portal-adm.campinas.sp.gov.br/api/v2/publicacoes-dom
[07/08/2026 10:00:19] 
========================================
[07/08/2026 10:00:19] Campinas - Edição 13883 - 07/08/2026
[07/08/2026 10:00:19] ========================================
[07/08/2026 10:00:19] URL do PDF: https://portal-adm.campinas.sp.gov.br/sites/default/files/publicacoes-dom/dom/1988191466850814668519881907.pdf
[07/08/2026 10:00:19] Baixando PDF...
[07/08/2026 10:00:19] Acessando: https://portal-adm.campinas.sp.gov.br/sites/default/files/publicacoes-dom/dom/1988191466850814668519881907.pdf
[07/08/2026 10:00:27] Status: 200
[07/08/2026 10:00:27] URL final: https://portal-adm.campinas.sp.gov.br/sites/default/files/publicacoes-dom/dom/1988191466850814668519881907.pdf
[07/08/2026 10:00:27] Extraindo texto...
[07/08/2026 10:00:34] 
============================================================
[07/08/2026 10:00:34] DEBUG
[07/08/2026 10:00:34] ============================================================
[07/08/2026 10:00:34] Tamanho do texto: 295687 caracteres
[07/08/2026 10:00:34] 
Ocorrências dos cargos:
[07/08/2026 10:00:34]   VETERINÁRIO: 1
[07/08/2026 10:00:34] 
Trecho encontrado:

[07/08/2026 10:00:34] dos. Essas tampinhas deixaram de ser lançadas na natureza e nos lixões para contribuir com a sociedade, entidades e ONGs. A comunidade também é convidada a participar desta grande corrente de mobilização, ajudando a garantir alimentação, atendimento veterinário e cuidados com animais resgatados pela ONG, no Parque Portugal (Lagoa do Taquaral). Os recursos arrecadados com a venda das tampinhas e lacres de alumínio são totalmente revertidos à causa desses gatos. A arrecadação de tampinhas plásticas mobiliza os servidores desde a criação do SerSol e tem contribuído com o Projeto Quem Ama Protege, Centro Cultural Louise Braille e a ONG Gatos da Lagoa. Demais entidades, comunidade e outros pontos de arrecadação interessados em receber ou doar as tampinhas para o SerSol podem entrar em contato pelo portal da Prefeitura (campinas.sp.gov.br/serso
[07/08/2026 10:00:34] 
------------------------------------------------------------
[07/08/2026 10:00:35] 
Convocados extraídos: 0
[07/08/2026 10:00:35] Nomes monitorados: 0
[07/08/2026 10:00:35] ============================================================
[07/08/2026 10:00:35] 
✅ Nenhuma convocação encontrada.
[07/08/2026 10:00:35] 
👤 Nenhum nome monitorado encontrado.
[07/08/2026 10:00:35] Atualizando controle: Campinas -> edição 13883
[07/08/2026 10:00:35] Controle atualizado com sucesso: Campinas -> edição 13883
[07/08/2026 10:00:35] 
[07/08/2026 10:00:35] Acessando Jornal do Município de Sorocaba...
[07/08/2026 10:00:35] Acessando: https://noticias.sorocaba.sp.gov.br/jornal/
[07/08/2026 10:00:45] Tentativa 1/3 falhou.
[07/08/2026 10:00:45] ConnectionError
[07/08/2026 10:00:45] HTTPSConnectionPool(host='noticias.sorocaba.sp.gov.br', port=443): Max retries exceeded with url: /jornal/ (Caused by NameResolutionError("HTTPSConnection(host='noticias.sorocaba.sp.gov.br', port=443): Failed to resolve 'noticias.sorocaba.sp.gov.br' ([Errno 7] No address associated with hostname)"))
[07/08/2026 10:00:45] Nova tentativa em 5 segundos...
[07/08/2026 10:00:50] Acessando: https://noticias.sorocaba.sp.gov.br/jornal/
[07/08/2026 10:01:00] Tentativa 2/3 falhou.
[07/08/2026 10:01:00] ConnectionError
[07/08/2026 10:01:00] HTTPSConnectionPool(host='noticias.sorocaba.sp.gov.br', port=443): Max retries exceeded with url: /jornal/ (Caused by NameResolutionError("HTTPSConnection(host='noticias.sorocaba.sp.gov.br', port=443): Failed to resolve 'noticias.sorocaba.sp.gov.br' ([Errno 7] No address associated with hostname)"))
[07/08/2026 10:01:00] Nova tentativa em 5 segundos...
[07/08/2026 10:01:05] Acessando: https://noticias.sorocaba.sp.gov.br/jornal/
[07/08/2026 10:01:05] Status: 200
[07/08/2026 10:01:05] URL final: https://noticias.sorocaba.sp.gov.br/jornal/
[07/08/2026 10:01:05] Última edição analisada: 4009
[07/08/2026 10:01:06] Edições encontradas: [4004, 4005, 4005, 4005, 4006, 4007, 4008, 4008, 4009]
[07/08/2026 10:01:06] Novas edições: []
[07/08/2026 10:01:06] ✅ Nenhuma edição nova.
[07/08/2026 10:01:06] 
[07/08/2026 10:01:06] Acessando Diário Oficial de Vinhedo...
[07/08/2026 10:01:06] Acessando: https://www.vinhedo.sp.gov.br/portal/diario-oficial
[07/08/2026 10:01:16] Tentativa 1/3 falhou.
[07/08/2026 10:01:16] ConnectionError
[07/08/2026 10:01:16] HTTPSConnectionPool(host='www.vinhedo.sp.gov.br', port=443): Max retries exceeded with url: /portal/diario-oficial (Caused by NameResolutionError("HTTPSConnection(host='www.vinhedo.sp.gov.br', port=443): Failed to resolve 'www.vinhedo.sp.gov.br' ([Errno 7] No address associated with hostname)"))
[07/08/2026 10:01:16] Nova tentativa em 5 segundos...
[07/08/2026 10:01:21] Acessando: https://www.vinhedo.sp.gov.br/portal/diario-oficial
[07/08/2026 10:01:27] Status: 200
[07/08/2026 10:01:27] URL final: https://www.vinhedo.sp.gov.br/portal/diario-oficial
[07/08/2026 10:01:27] Última edição analisada: 2539
[07/08/2026 10:01:27] Edições encontradas: [2491, 2492, 2493, 2494, 2495, 2496, 2497, 2498, 2499, 2500, 2501, 2502, 2503, 2504, 2505, 2506, 2507, 2508, 2509, 2510, 2511, 2512, 2513, 2514, 2515, 2516, 2517, 2518, 2519, 2520, 2521, 2522, 2523, 2524, 2525, 2526, 2527, 2528, 2529, 2530, 2531, 2532, 2533, 2534, 2535, 2536, 2537, 2538, 2539, 2540]
[07/08/2026 10:01:27] Novas edições: [2540]
[07/08/2026 10:01:27] Foram encontradas 1 edição(ões) nova(s).
[07/08/2026 10:01:27] Acessando: https://www.vinhedo.sp.gov.br/portal/download/diario-oficial/qn-Lxw/
[07/08/2026 10:01:27] Status: 200
[07/08/2026 10:01:27] URL final: https://www.vinhedo.sp.gov.br/portal/download/diario-oficial/qn-Lxw/
[07/08/2026 10:01:27] 
========================================
[07/08/2026 10:01:27] Vinhedo - Edição 2540 - 07/08/2026 às 08h00
[07/08/2026 10:01:27] ========================================
[07/08/2026 10:01:27] URL do PDF: https://www.vinhedo.sp.gov.br/uploads/diario_202633061722756c352889caa59f3bd931f1524e3d8f.pdf
[07/08/2026 10:01:28] Baixando PDF...
[07/08/2026 10:01:28] Acessando: https://www.vinhedo.sp.gov.br/uploads/diario_202633061722756c352889caa59f3bd931f1524e3d8f.pdf
[07/08/2026 10:01:37] Status: 200
[07/08/2026 10:01:37] URL final: https://www.vinhedo.sp.gov.br/uploads/diario_202633061722756c352889caa59f3bd931f1524e3d8f.pdf
[07/08/2026 10:01:37] Extraindo texto...
[07/08/2026 10:07:53] 
============================================================
[07/08/2026 10:07:53] DEBUG
[07/08/2026 10:07:53] ============================================================
[07/08/2026 10:07:53] Tamanho do texto: 590379 caracteres
[07/08/2026 10:07:53] 
Ocorrências dos cargos:
[07/08/2026 10:07:53] Nenhuma ocorrência de Médico Veterinário.
[07/08/2026 10:07:53] 
Convocados extraídos: 0
[07/08/2026 10:07:53] Nomes monitorados: 0
[07/08/2026 10:07:53] ============================================================
[07/08/2026 10:07:53] 
✅ Nenhuma convocação encontrada.
[07/08/2026 10:07:53] 
👤 Nenhum nome monitorado encontrado.
[07/08/2026 10:07:53] Atualizando controle: Vinhedo -> edição 2540
[07/08/2026 10:07:53] Controle atualizado com sucesso: Vinhedo -> edição 2540
[07/08/2026 10:07:53] 
[07/08/2026 10:07:53] Acessando: https://dom.sumare.sp.gov.br/?edicao=todas
[07/08/2026 10:08:03] Tentativa 1/3 falhou.
[07/08/2026 10:08:03] ConnectionError
[07/08/2026 10:08:03] HTTPSConnectionPool(host='dom.sumare.sp.gov.br', port=443): Max retries exceeded with url: /?edicao=todas (Caused by NameResolutionError("HTTPSConnection(host='dom.sumare.sp.gov.br', port=443): Failed to resolve 'dom.sumare.sp.gov.br' ([Errno 7] No address associated with hostname)"))
[07/08/2026 10:08:03] Nova tentativa em 5 segundos...
[07/08/2026 10:08:08] Acessando: https://dom.sumare.sp.gov.br/?edicao=todas
[07/08/2026 10:08:18] Tentativa 2/3 falhou.
[07/08/2026 10:08:18] ConnectionError
[07/08/2026 10:08:18] HTTPSConnectionPool(host='dom.sumare.sp.gov.br', port=443): Max retries exceeded with url: /?edicao=todas (Caused by NameResolutionError("HTTPSConnection(host='dom.sumare.sp.gov.br', port=443): Failed to resolve 'dom.sumare.sp.gov.br' ([Errno 7] No address associated with hostname)"))
[07/08/2026 10:08:18] Nova tentativa em 5 segundos...
[07/08/2026 10:08:23] Acessando: https://dom.sumare.sp.gov.br/?edicao=todas
[07/08/2026 10:08:33] Tentativa 3/3 falhou.
[07/08/2026 10:08:33] ConnectionError
[07/08/2026 10:08:33] HTTPSConnectionPool(host='dom.sumare.sp.gov.br', port=443): Max retries exceeded with url: /?edicao=todas (Caused by NameResolutionError("HTTPSConnection(host='dom.sumare.sp.gov.br', port=443): Failed to resolve 'dom.sumare.sp.gov.br' ([Errno 7] No address associated with hostname)"))
[07/08/2026 10:08:33] Falha definitiva.
[07/08/2026 10:08:33] 
[07/08/2026 19:00:02] ==================================================
[07/08/2026 19:00:02] MONITOR DE DIÁRIOS OFICIAIS
[07/08/2026 19:00:02] ==================================================
[07/08/2026 19:00:02] Início: 07/08/2026 19:00:02
[07/08/2026 19:00:03] Iniciando monitoramento...
[07/08/2026 19:00:03] Acessando: https://portal-adm.campinas.sp.gov.br/api/v2/publicacoes-dom
[07/08/2026 19:00:03] Status: 200
[07/08/2026 19:00:03] URL final: https://portal-adm.campinas.sp.gov.br/api/v2/publicacoes-dom
[07/08/2026 19:00:03] 
[07/08/2026 19:00:03] Acessando Jornal do Município de Sorocaba...
[07/08/2026 19:00:03] Acessando: https://noticias.sorocaba.sp.gov.br/jornal/
[07/08/2026 19:00:03] Status: 200
[07/08/2026 19:00:03] URL final: https://noticias.sorocaba.sp.gov.br/jornal/
[07/08/2026 19:00:03] Última edição analisada: 4009
[07/08/2026 19:00:03] Edições encontradas: [4004, 4005, 4005, 4005, 4006, 4007, 4008, 4008, 4009]
[07/08/2026 19:00:03] Novas edições: []
[07/08/2026 19:00:03] ✅ Nenhuma edição nova.
[07/08/2026 19:00:03] 
[07/08/2026 19:00:03] Acessando Diário Oficial de Vinhedo...
[07/08/2026 19:00:03] Acessando: https://www.vinhedo.sp.gov.br/portal/diario-oficial
[07/08/2026 19:00:04] Status: 200
[07/08/2026 19:00:04] URL final: https://www.vinhedo.sp.gov.br/portal/diario-oficial
[07/08/2026 19:00:04] Última edição analisada: 2540
[07/08/2026 19:00:04] Edições encontradas: [2492, 2493, 2494, 2495, 2496, 2497, 2498, 2499, 2500, 2501, 2502, 2503, 2504, 2505, 2506, 2507, 2508, 2509, 2510, 2511, 2512, 2513, 2514, 2515, 2516, 2517, 2518, 2519, 2520, 2521, 2522, 2523, 2524, 2525, 2526, 2527, 2528, 2529, 2530, 2531, 2532, 2533, 2534, 2535, 2536, 2537, 2538, 2539, 2540, 2541]
[07/08/2026 19:00:04] Novas edições: [2541]
[07/08/2026 19:00:04] Foram encontradas 1 edição(ões) nova(s).
[07/08/2026 19:00:04] Acessando: https://www.vinhedo.sp.gov.br/portal/download/diario-oficial/nK-L-A/
[07/08/2026 19:00:04] Status: 200
[07/08/2026 19:00:04] URL final: https://www.vinhedo.sp.gov.br/portal/download/diario-oficial/nK-L-A/
[07/08/2026 19:00:04] 
========================================
[07/08/2026 19:00:04] Vinhedo - Edição 2541 - 07/08/2026 às 16h25
[07/08/2026 19:00:04] ========================================
[07/08/2026 19:00:04] URL do PDF: https://www.vinhedo.sp.gov.br/uploads/diario_20262207162505be76eefcc4c4efcd0948832ca5a5e4.pdf
[07/08/2026 19:00:04] Baixando PDF...
[07/08/2026 19:00:04] Acessando: https://www.vinhedo.sp.gov.br/uploads/diario_20262207162505be76eefcc4c4efcd0948832ca5a5e4.pdf
[07/08/2026 19:00:04] Status: 200
[07/08/2026 19:00:04] URL final: https://www.vinhedo.sp.gov.br/uploads/diario_20262207162505be76eefcc4c4efcd0948832ca5a5e4.pdf
[07/08/2026 19:00:04] Extraindo texto...
[07/08/2026 19:00:05] 
============================================================
[07/08/2026 19:00:05] DEBUG
[07/08/2026 19:00:05] ============================================================
[07/08/2026 19:00:05] Tamanho do texto: 13890 caracteres
[07/08/2026 19:00:05] 
Ocorrências dos cargos:
[07/08/2026 19:00:05] Nenhuma ocorrência de Médico Veterinário.
[07/08/2026 19:00:05] 
Convocados extraídos: 0
[07/08/2026 19:00:05] Nomes monitorados: 0
[07/08/2026 19:00:05] ============================================================
[07/08/2026 19:00:05] 
✅ Nenhuma convocação encontrada.
[07/08/2026 19:00:05] 
👤 Nenhum nome monitorado encontrado.
[07/08/2026 19:00:05] Atualizando controle: Vinhedo -> edição 2541
[07/08/2026 19:00:05] Controle atualizado com sucesso: Vinhedo -> edição 2541
[07/08/2026 19:00:05] 
[07/08/2026 19:00:05] Acessando: https://dom.sumare.sp.gov.br/?edicao=todas
[07/08/2026 19:00:06] Status: 200
[07/08/2026 19:00:06] URL final: https://dom.sumare.sp.gov.br/?edicao=todas
[07/08/2026 19:00:11] 
========================================
[07/08/2026 19:00:11] Sumaré - Edição 2196 - 07/08/2026
[07/08/2026 19:00:11] ========================================
[07/08/2026 19:00:11] URL do PDF: https://dom.sumare.sp.gov.br/arquivos/diario/diario-2196-dc7ae1a7d57b3c1c32be371480e67e83.pdf
[07/08/2026 19:00:11] Baixando PDF...
[07/08/2026 19:00:11] Acessando: https://dom.sumare.sp.gov.br/arquivos/diario/diario-2196-dc7ae1a7d57b3c1c32be371480e67e83.pdf
[07/08/2026 19:00:11] Status: 200
[07/08/2026 19:00:12] URL final: https://dom.sumare.sp.gov.br/arquivos/diario/diario-2196-dc7ae1a7d57b3c1c32be371480e67e83.pdf
[07/08/2026 19:00:12] Extraindo texto...
[07/08/2026 19:00:15] 
============================================================
[07/08/2026 19:00:15] DEBUG
[07/08/2026 19:00:15] ============================================================
[07/08/2026 19:00:15] Tamanho do texto: 28070 caracteres
[07/08/2026 19:00:15] 
Ocorrências dos cargos:
[07/08/2026 19:00:15] Nenhuma ocorrência de Médico Veterinário.
[07/08/2026 19:00:15] 
Convocados extraídos: 0
[07/08/2026 19:00:15] Nomes monitorados: 0
[07/08/2026 19:00:15] ============================================================
[07/08/2026 19:00:15] 
✅ Nenhuma convocação encontrada.
[07/08/2026 19:00:15] 
👤 Nenhum nome monitorado encontrado.
[07/08/2026 19:00:15] Atualizando controle: Sumaré -> edição 2196
[07/08/2026 19:00:15] Controle atualizado com sucesso: Sumaré -> edição 2196
[07/08/2026 19:00:15] 
